Archive member included to satisfy reference by file (symbol)

d:/program files (x86)/gnu tools arm embedded/5.2 2015q4/bin/../lib/gcc/arm-none-eabi/5.2.1/armv7-m\libgcc.a(unwind-arm.o)
                              newlib\_cxx.o (__aeabi_unwind_cpp_pr0)
d:/program files (x86)/gnu tools arm embedded/5.2 2015q4/bin/../lib/gcc/arm-none-eabi/5.2.1/armv7-m\libgcc.a(libunwind.o)
                              d:/program files (x86)/gnu tools arm embedded/5.2 2015q4/bin/../lib/gcc/arm-none-eabi/5.2.1/armv7-m\libgcc.a(unwind-arm.o) (restore_core_regs)
d:/program files (x86)/gnu tools arm embedded/5.2 2015q4/bin/../lib/gcc/arm-none-eabi/5.2.1/armv7-m\libgcc.a(pr-support.o)
                              d:/program files (x86)/gnu tools arm embedded/5.2 2015q4/bin/../lib/gcc/arm-none-eabi/5.2.1/armv7-m\libgcc.a(unwind-arm.o) (__gnu_unwind_execute)
d:/program files (x86)/gnu tools arm embedded/5.2 2015q4/bin/../lib/gcc/arm-none-eabi/5.2.1/../../../../arm-none-eabi/lib/armv7-m\libg.a(lib_a-errno.o)
                              newlib\_sbrk.o (__errno)
d:/program files (x86)/gnu tools arm embedded/5.2 2015q4/bin/../lib/gcc/arm-none-eabi/5.2.1/../../../../arm-none-eabi/lib/armv7-m\libg.a(lib_a-exit.o)
                              d:/program files (x86)/gnu tools arm embedded/5.2 2015q4/bin/../lib/gcc/arm-none-eabi/5.2.1/../../../../arm-none-eabi/lib/armv7-m/crt0.o (exit)
d:/program files (x86)/gnu tools arm embedded/5.2 2015q4/bin/../lib/gcc/arm-none-eabi/5.2.1/../../../../arm-none-eabi/lib/armv7-m\libg.a(lib_a-impure.o)
                              d:/program files (x86)/gnu tools arm embedded/5.2 2015q4/bin/../lib/gcc/arm-none-eabi/5.2.1/../../../../arm-none-eabi/lib/armv7-m\libg.a(lib_a-exit.o) (_global_impure_ptr)
d:/program files (x86)/gnu tools arm embedded/5.2 2015q4/bin/../lib/gcc/arm-none-eabi/5.2.1/../../../../arm-none-eabi/lib/armv7-m\libg.a(lib_a-init.o)
                              d:/program files (x86)/gnu tools arm embedded/5.2 2015q4/bin/../lib/gcc/arm-none-eabi/5.2.1/../../../../arm-none-eabi/lib/armv7-m/crt0.o (__libc_init_array)
d:/program files (x86)/gnu tools arm embedded/5.2 2015q4/bin/../lib/gcc/arm-none-eabi/5.2.1/../../../../arm-none-eabi/lib/armv7-m\libg.a(lib_a-memcpy.o)
                              FreeRTOS\src\queue.o (memcpy)
d:/program files (x86)/gnu tools arm embedded/5.2 2015q4/bin/../lib/gcc/arm-none-eabi/5.2.1/../../../../arm-none-eabi/lib/armv7-m\libg.a(lib_a-memset.o)
                              d:/program files (x86)/gnu tools arm embedded/5.2 2015q4/bin/../lib/gcc/arm-none-eabi/5.2.1/../../../../arm-none-eabi/lib/armv7-m/crt0.o (memset)
d:/program files (x86)/gnu tools arm embedded/5.2 2015q4/bin/../lib/gcc/arm-none-eabi/5.2.1/../../../../arm-none-eabi/lib/armv7-m\libg.a(lib_a-puts.o)
                              USER\src\LED.o (puts)
d:/program files (x86)/gnu tools arm embedded/5.2 2015q4/bin/../lib/gcc/arm-none-eabi/5.2.1/../../../../arm-none-eabi/lib/armv7-m\libg.a(lib_a-strlen-stub.o)
                              d:/program files (x86)/gnu tools arm embedded/5.2 2015q4/bin/../lib/gcc/arm-none-eabi/5.2.1/../../../../arm-none-eabi/lib/armv7-m\libg.a(lib_a-puts.o) (strlen)
d:/program files (x86)/gnu tools arm embedded/5.2 2015q4/bin/../lib/gcc/arm-none-eabi/5.2.1/../../../../arm-none-eabi/lib/armv7-m\libg.a(lib_a-__call_atexit.o)
                              d:/program files (x86)/gnu tools arm embedded/5.2 2015q4/bin/../lib/gcc/arm-none-eabi/5.2.1/../../../../arm-none-eabi/lib/armv7-m\libg.a(lib_a-exit.o) (__call_exitprocs)
d:/program files (x86)/gnu tools arm embedded/5.2 2015q4/bin/../lib/gcc/arm-none-eabi/5.2.1/../../../../arm-none-eabi/lib/armv7-m\libg.a(lib_a-atexit.o)
                              d:/program files (x86)/gnu tools arm embedded/5.2 2015q4/bin/../lib/gcc/arm-none-eabi/5.2.1/../../../../arm-none-eabi/lib/armv7-m\libg.a(lib_a-__call_atexit.o) (atexit)
d:/program files (x86)/gnu tools arm embedded/5.2 2015q4/bin/../lib/gcc/arm-none-eabi/5.2.1/../../../../arm-none-eabi/lib/armv7-m\libg.a(lib_a-findfp.o)
                              d:/program files (x86)/gnu tools arm embedded/5.2 2015q4/bin/../lib/gcc/arm-none-eabi/5.2.1/../../../../arm-none-eabi/lib/armv7-m\libg.a(lib_a-puts.o) (__sinit)
d:/program files (x86)/gnu tools arm embedded/5.2 2015q4/bin/../lib/gcc/arm-none-eabi/5.2.1/../../../../arm-none-eabi/lib/armv7-m\libg.a(lib_a-fini.o)
                              d:/program files (x86)/gnu tools arm embedded/5.2 2015q4/bin/../lib/gcc/arm-none-eabi/5.2.1/../../../../arm-none-eabi/lib/armv7-m\libg.a(lib_a-__call_atexit.o) (__libc_fini_array)
d:/program files (x86)/gnu tools arm embedded/5.2 2015q4/bin/../lib/gcc/arm-none-eabi/5.2.1/../../../../arm-none-eabi/lib/armv7-m\libg.a(lib_a-fvwrite.o)
                              d:/program files (x86)/gnu tools arm embedded/5.2 2015q4/bin/../lib/gcc/arm-none-eabi/5.2.1/../../../../arm-none-eabi/lib/armv7-m\libg.a(lib_a-puts.o) (__sfvwrite_r)
[...]
Memory Configuration

Name             Origin             Length             Attributes
FLASH            0x08000000         0x00080000         xr
RAM              0x20000000         0x00010000         xrw
MEMORY_B1        0x60000000         0x00000000         xr
*default*        0x00000000         0xffffffff

Linker script and memory map

LOAD d:/program files (x86)/gnu tools arm embedded/5.2 2015q4/bin/../lib/gcc/arm-none-eabi/5.2.1/armv7-m/crti.o
LOAD d:/program files (x86)/gnu tools arm embedded/5.2 2015q4/bin/../lib/gcc/arm-none-eabi/5.2.1/armv7-m/crtbegin.o
LOAD d:/program files (x86)/gnu tools arm embedded/5.2 2015q4/bin/../lib/gcc/arm-none-eabi/5.2.1/../../../../arm-none-eabi/lib/armv7-m/crt0.o
LOAD FreeRTOS\mem\heap_2.o
LOAD FreeRTOS\portable\port.o
LOAD FreeRTOS\src\croutine.o
LOAD FreeRTOS\src\event_groups.o
LOAD FreeRTOS\src\list.o
LOAD FreeRTOS\src\queue.o
LOAD FreeRTOS\src\tasks.o
LOAD FreeRTOS\src\timers.o
LOAD STM32\cmsis\core_cm3.o
LOAD STM32\cmsis\stm32f10x_it.o
LOAD STM32\cmsis\system_stm32f10x.o
LOAD STM32\lib\src\misc.o
LOAD STM32\lib\src\stm32f10x_adc.o
LOAD STM32\lib\src\stm32f10x_bkp.o
LOAD STM32\lib\src\stm32f10x_can.o
LOAD STM32\lib\src\stm32f10x_cec.o
LOAD STM32\lib\src\stm32f10x_crc.o
LOAD STM32\lib\src\stm32f10x_dac.o
LOAD STM32\lib\src\stm32f10x_dbgmcu.o
LOAD STM32\lib\src\stm32f10x_dma.o
LOAD STM32\lib\src\stm32f10x_exti.o
LOAD STM32\lib\src\stm32f10x_flash.o
LOAD STM32\lib\src\stm32f10x_fsmc.o
LOAD STM32\lib\src\stm32f10x_gpio.o
LOAD STM32\lib\src\stm32f10x_i2c.o
LOAD STM32\lib\src\stm32f10x_iwdg.o
LOAD STM32\lib\src\stm32f10x_pwr.o
LOAD STM32\lib\src\stm32f10x_rcc.o
LOAD STM32\lib\src\stm32f10x_rtc.o
LOAD STM32\lib\src\stm32f10x_sdio.o
LOAD STM32\lib\src\stm32f10x_spi.o
LOAD STM32\lib\src\stm32f10x_tim.o
LOAD STM32\lib\src\stm32f10x_usart.o
LOAD STM32\lib\src\stm32f10x_wwdg.o
LOAD STM32\start\startup_stm32f10x_hd.o
LOAD USER\src\LED.o
LOAD USER\src\main.o
LOAD USER\src\tim.o
LOAD USER\src\usart.o
LOAD newlib\_cxx.o
LOAD newlib\_exit.o
LOAD newlib\_sbrk.o
LOAD newlib\_syscalls.o
LOAD newlib\assert.o
LOAD d:/program files (x86)/gnu tools arm embedded/5.2 2015q4/bin/../lib/gcc/arm-none-eabi/5.2.1/../../../../arm-none-eabi/lib/armv7-m\libstdc++.a
LOAD d:/program files (x86)/gnu tools arm embedded/5.2 2015q4/bin/../lib/gcc/arm-none-eabi/5.2.1/../../../../arm-none-eabi/lib/armv7-m\libm.a
START GROUP
LOAD d:/program files (x86)/gnu tools arm embedded/5.2 2015q4/bin/../lib/gcc/arm-none-eabi/5.2.1/armv7-m\libgcc.a
LOAD d:/program files (x86)/gnu tools arm embedded/5.2 2015q4/bin/../lib/gcc/arm-none-eabi/5.2.1/../../../../arm-none-eabi/lib/armv7-m\libg.a
LOAD d:/program files (x86)/gnu tools arm embedded/5.2 2015q4/bin/../lib/gcc/arm-none-eabi/5.2.1/../../../../arm-none-eabi/lib/armv7-m\libc.a
END GROUP
LOAD d:/program files (x86)/gnu tools arm embedded/5.2 2015q4/bin/../lib/gcc/arm-none-eabi/5.2.1/armv7-m/crtend.o
LOAD d:/program files (x86)/gnu tools arm embedded/5.2 2015q4/bin/../lib/gcc/arm-none-eabi/5.2.1/armv7-m/crtn.o
                0x20010000                _estack = 0x20010000
                0x00000000                _Min_Heap_Size = 0x0
                0x00000200                _Min_Stack_Size = 0x200

.isr_vector     0x08000000      0x1e4
                0x08000000                . = ALIGN (0x4)
 *(.isr_vector)
 .isr_vector    0x08000000      0x1e4 STM32\start\startup_stm32f10x_hd.o
                0x08000000                g_pfnVectors
                0x080001e4                . = ALIGN (0x4)

.eh_frame       0x080001e4        0x0
 .eh_frame      0x080001e4        0x0 d:/program files (x86)/gnu tools arm embedded/5.2 2015q4/bin/../lib/gcc/arm-none-eabi/5.2.1/armv7-m/crtbegin.o

.text           0x080001e4     0x37c4
                0x080001e4                . = ALIGN (0x4)
 *(.text)
 .text          0x080001e4       0xa4 d:/program files (x86)/gnu tools arm embedded/5.2 2015q4/bin/../lib/gcc/arm-none-eabi/5.2.1/armv7-m/crtbegin.o
 .text          0x08000288       0xec d:/program files (x86)/gnu tools arm embedded/5.2 2015q4/bin/../lib/gcc/arm-none-eabi/5.2.1/../../../../arm-none-eabi/lib/armv7-m\libg.a(lib_a-memcpy.o)
                0x08000288                memcpy
 *(.text*)
 .text.pvPortMalloc
                0x08000374      0x11c FreeRTOS\mem\heap_2.o
                0x08000374                pvPortMalloc
 .text.vPortFree
                0x08000490       0x74 FreeRTOS\mem\heap_2.o
                0x08000490                vPortFree
 .text.prvHeapInit
                0x08000504       0x50 FreeRTOS\mem\heap_2.o
 .text.pxPortInitialiseStack
                0x08000554       0x54 FreeRTOS\portable\port.o
                0x08000554                pxPortInitialiseStack
 .text.prvTaskExitError
                0x080005a8        0xc FreeRTOS\portable\port.o
 .text.vPortSVCHandler
                0x080005b4       0x28 FreeRTOS\portable\port.o
                0x080005b4                vPortSVCHandler
 .text.prvPortStartFirstTask
                0x080005dc       0x20 FreeRTOS\portable\port.o
 .text.xPortStartScheduler
                0x080005fc       0x3c FreeRTOS\portable\port.o
                0x080005fc                xPortStartScheduler
 .text.vPortYield
                0x08000638       0x20 FreeRTOS\portable\port.o
                0x08000638                vPortYield
 .text.vPortEnterCritical
                0x08000658       0x24 FreeRTOS\portable\port.o
                0x08000658                vPortEnterCritical
 .text.vPortExitCritical
                0x0800067c       0x24 FreeRTOS\portable\port.o
                0x0800067c                vPortExitCritical
 .text.ulPortSetInterruptMask
                0x080006a0       0x14 FreeRTOS\portable\port.o
                0x080006a0                ulPortSetInterruptMask
 .text.vPortClearInterruptMask
                0x080006b4        0x8 FreeRTOS\portable\port.o
                0x080006b4                vPortClearInterruptMask
 .text.xPortPendSVHandler
                0x080006bc       0x48 FreeRTOS\portable\port.o
                0x080006bc                xPortPendSVHandler
 .text.xPortSysTickHandler
                0x08000704       0x28 FreeRTOS\portable\port.o
                0x08000704                xPortSysTickHandler
 .text.vPortSetupTimerInterrupt
                0x0800072c       0x24 FreeRTOS\portable\port.o
                0x0800072c                vPortSetupTimerInterrupt
 .text.vListInitialise
                0x08000750       0x40 FreeRTOS\src\list.o
                0x08000750                vListInitialise
 .text.vListInitialiseItem
                0x08000790       0x18 FreeRTOS\src\list.o
                0x08000790                vListInitialiseItem
 .text.vListInsertEnd
                0x080007a8       0x48 FreeRTOS\src\list.o
                0x080007a8                vListInsertEnd
 .text.vListInsert
                0x080007f0       0x70 FreeRTOS\src\list.o
                0x080007f0                vListInsert
 .text.uxListRemove
                0x08000860       0x54 FreeRTOS\src\list.o
                0x08000860                uxListRemove
 .text.xTaskGenericCreate
                0x080008b4      0x134 FreeRTOS\src\tasks.o
                0x080008b4                xTaskGenericCreate
 .text.vTaskDelayUntil
                0x080009e8       0xbc FreeRTOS\src\tasks.o
                0x080009e8                vTaskDelayUntil
 .text.vTaskStartScheduler
                0x08000aa4       0x64 FreeRTOS\src\tasks.o
                0x08000aa4                vTaskStartScheduler
 .text.vTaskSuspendAll
                0x08000b08       0x1c FreeRTOS\src\tasks.o
                0x08000b08                vTaskSuspendAll
 .text.xTaskResumeAll
                0x08000b24       0xfc FreeRTOS\src\tasks.o
                0x08000b24                xTaskResumeAll
 .text.xTaskGetTickCount
                0x08000c20       0x1c FreeRTOS\src\tasks.o
                0x08000c20                xTaskGetTickCount
 .text.xTaskIncrementTick
                0x08000c3c      0x15c FreeRTOS\src\tasks.o
                0x08000c3c                xTaskIncrementTick
 .text.vTaskSwitchContext
                0x08000d98       0x8c FreeRTOS\src\tasks.o
                0x08000d98                vTaskSwitchContext
 .text.prvIdleTask
                0x08000e24       0x20 FreeRTOS\src\tasks.o
 .text.prvInitialiseTCBVariables
                0x08000e44       0xa8 FreeRTOS\src\tasks.o
 .text.prvInitialiseTaskLists
                0x08000eec       0x80 FreeRTOS\src\tasks.o
 .text.prvCheckTasksWaitingTermination
                0x08000f6c       0x78 FreeRTOS\src\tasks.o
 .text.prvAddCurrentTaskToDelayedList
                0x08000fe4       0x6c FreeRTOS\src\tasks.o
 .text.prvAllocateTCBAndStack
                0x08001050       0x58 FreeRTOS\src\tasks.o
 .text.prvDeleteTCB
                0x080010a8       0x20 FreeRTOS\src\tasks.o
 .text.prvResetNextTaskUnblockTime
                0x080010c8       0x48 FreeRTOS\src\tasks.o
 .text.NMI_Handler
                0x08001110        0xc STM32\cmsis\stm32f10x_it.o
                0x08001110                NMI_Handler
 .text.HardFault_Handler
                0x0800111c        0x8 STM32\cmsis\stm32f10x_it.o
                0x0800111c                HardFault_Handler
 .text.MemManage_Handler
                0x08001124        0x8 STM32\cmsis\stm32f10x_it.o
                0x08001124                MemManage_Handler
 .text.BusFault_Handler
                0x0800112c        0x8 STM32\cmsis\stm32f10x_it.o
                0x0800112c                BusFault_Handler
 .text.UsageFault_Handler
                0x08001134        0x8 STM32\cmsis\stm32f10x_it.o
                0x08001134                UsageFault_Handler
 .text.DebugMon_Handler
                0x0800113c        0xc STM32\cmsis\stm32f10x_it.o
                0x0800113c                DebugMon_Handler
 .text.SystemInit
                0x08001148       0x68 STM32\cmsis\system_stm32f10x.o
                0x08001148                SystemInit
 .text.SetSysClock
                0x080011b0        0xc STM32\cmsis\system_stm32f10x.o
 .text.SetSysClockTo72
                0x080011bc      0x100 STM32\cmsis\system_stm32f10x.o
 .text.NVIC_PriorityGroupConfig
                0x080012bc       0x24 STM32\lib\src\misc.o
                0x080012bc                NVIC_PriorityGroupConfig
 .text.GPIO_Init
                0x080012e0      0x178 STM32\lib\src\stm32f10x_gpio.o
                0x080012e0                GPIO_Init
 .text.GPIO_WriteBit
                0x08001458       0x30 STM32\lib\src\stm32f10x_gpio.o
                0x08001458                GPIO_WriteBit
 .text.RCC_GetClocksFreq
                0x08001488      0x160 STM32\lib\src\stm32f10x_rcc.o
                0x08001488                RCC_GetClocksFreq
 .text.RCC_AHBPeriphClockCmd
                0x080015e8       0x3c STM32\lib\src\stm32f10x_rcc.o
                0x080015e8                RCC_AHBPeriphClockCmd
 .text.RCC_APB2PeriphClockCmd
                0x08001624       0x3c STM32\lib\src\stm32f10x_rcc.o
                0x08001624                RCC_APB2PeriphClockCmd
 .text.TIM_GetITStatus
                0x08001660       0x54 STM32\lib\src\stm32f10x_tim.o
                0x08001660                TIM_GetITStatus
 .text.TIM_ClearITPendingBit
                0x080016b4       0x20 STM32\lib\src\stm32f10x_tim.o
                0x080016b4                TIM_ClearITPendingBit
 .text.USART_Init
                0x080016d4      0x178 STM32\lib\src\stm32f10x_usart.o
                0x080016d4                USART_Init
 .text.USART_Cmd
                0x0800184c       0x40 STM32\lib\src\stm32f10x_usart.o
                0x0800184c                USART_Cmd
 .text.USART_ITConfig
                0x0800188c       0x90 STM32\lib\src\stm32f10x_usart.o
                0x0800188c                USART_ITConfig
 .text.USART_SendData
                0x0800191c       0x24 STM32\lib\src\stm32f10x_usart.o
                0x0800191c                USART_SendData
 .text.USART_ReceiveData
                0x08001940       0x20 STM32\lib\src\stm32f10x_usart.o
                0x08001940                USART_ReceiveData
 .text.USART_GetFlagStatus
                0x08001960       0x38 STM32\lib\src\stm32f10x_usart.o
                0x08001960                USART_GetFlagStatus
 .text.USART_GetITStatus
                0x08001998       0xb4 STM32\lib\src\stm32f10x_usart.o
                0x08001998                USART_GetITStatus
 .text.Reset_Handler
                0x08001a4c       0x48 STM32\start\startup_stm32f10x_hd.o
                0x08001a4c                Reset_Handler
 .text.Default_Handler
                0x08001a94        0x2 STM32\start\startup_stm32f10x_hd.o
                0x08001a94                EXTI2_IRQHandler
                0x08001a94                TIM8_TRG_COM_IRQHandler
                0x08001a94                TIM8_CC_IRQHandler
                0x08001a94                TIM1_CC_IRQHandler
                0x08001a94                TIM6_IRQHandler
                0x08001a94                PVD_IRQHandler
                0x08001a94                SDIO_IRQHandler
                0x08001a94                EXTI3_IRQHandler
                0x08001a94                EXTI0_IRQHandler
                0x08001a94                I2C2_EV_IRQHandler
                0x08001a94                ADC1_2_IRQHandler
                0x08001a94                SPI1_IRQHandler
                0x08001a94                TAMPER_IRQHandler
                0x08001a94                TIM8_UP_IRQHandler
                0x08001a94                DMA2_Channel2_IRQHandler
                0x08001a94                DMA1_Channel4_IRQHandler
                0x08001a94                RTC_IRQHandler
                0x08001a94                DMA1_Channel7_IRQHandler
                0x08001a94                CAN1_RX1_IRQHandler
                0x08001a94                UART5_IRQHandler
                0x08001a94                ADC3_IRQHandler
                0x08001a94                TIM4_IRQHandler
                0x08001a94                DMA2_Channel1_IRQHandler
                0x08001a94                I2C1_EV_IRQHandler
                0x08001a94                DMA1_Channel6_IRQHandler
                0x08001a94                UART4_IRQHandler
                0x08001a94                TIM3_IRQHandler
                0x08001a94                RCC_IRQHandler
                0x08001a94                TIM1_TRG_COM_IRQHandler
                0x08001a94                DMA1_Channel1_IRQHandler
                0x08001a94                Default_Handler
                0x08001a94                EXTI15_10_IRQHandler
                0x08001a94                TIM7_IRQHandler
                0x08001a94                TIM5_IRQHandler
                0x08001a94                EXTI9_5_IRQHandler
                0x08001a94                SPI2_IRQHandler
                0x08001a94                DMA1_Channel5_IRQHandler
                0x08001a94                EXTI4_IRQHandler
                0x08001a94                USB_LP_CAN1_RX0_IRQHandler
                0x08001a94                USB_HP_CAN1_TX_IRQHandler
                0x08001a94                DMA1_Channel3_IRQHandler
                0x08001a94                FSMC_IRQHandler
                0x08001a94                WWDG_IRQHandler
                0x08001a94                TIM1_BRK_IRQHandler
                0x08001a94                EXTI1_IRQHandler
                0x08001a94                RTCAlarm_IRQHandler
                0x08001a94                DMA2_Channel4_5_IRQHandler
                0x08001a94                I2C2_ER_IRQHandler
                0x08001a94                DMA1_Channel2_IRQHandler
                0x08001a94                TIM8_BRK_IRQHandler
                0x08001a94                CAN1_SCE_IRQHandler
                0x08001a94                FLASH_IRQHandler
                0x08001a94                SPI3_IRQHandler
                0x08001a94                I2C1_ER_IRQHandler
                0x08001a94                USBWakeUp_IRQHandler
                0x08001a94                DMA2_Channel3_IRQHandler
 *fill*         0x08001a96        0x2 
 .text.LED_Configuration
                0x08001a98       0x50 USER\src\LED.o
                0x08001a98                LED_Configuration
 .text.main     0x08001ae8       0x70 USER\src\main.o
                0x08001ae8                main
 .text.LED1_Task
                0x08001b58       0x4c USER\src\main.o
 .text.LED2_Task
                0x08001ba4       0x4c USER\src\main.o
 .text.TIM1_UP_IRQHandler
                0x08001bf0       0x24 USER\src\tim.o
                0x08001bf0                TIM1_UP_IRQHandler
 .text.TIM2_IRQHandler
                0x08001c14       0x94 USER\src\tim.o
                0x08001c14                TIM2_IRQHandler
 .text.USART1_Configuration
                0x08001ca8       0x8c USER\src\usart.o
                0x08001ca8                USART1_Configuration
 .text.USART1_IRQHandler
                0x08001d34       0x7c USER\src\usart.o
                0x08001d34                USART1_IRQHandler
 .text.USART2_IRQHandler
                0x08001db0       0x7c USER\src\usart.o
                0x08001db0                USART2_IRQHandler
 .text.USART3_IRQHandler
                0x08001e2c       0x7c USER\src\usart.o
                0x08001e2c                USART3_IRQHandler
 .text._write   0x08001ea8       0x64 USER\src\usart.o
                0x08001ea8                _write
 .text._sbrk    0x08001f0c       0x68 newlib\_sbrk.o
                0x08001f0c                _sbrk
 .text._close   0x08001f74       0x20 newlib\_syscalls.o
                0x08001f74                _close
 .text._fstat   0x08001f94       0x20 newlib\_syscalls.o
                0x08001f94                _fstat
 .text._isatty  0x08001fb4       0x1c newlib\_syscalls.o
                0x08001fb4                _isatty
 .text._lseek   0x08001fd0       0x24 newlib\_syscalls.o
                0x08001fd0                _lseek
 .text._read    0x08001ff4       0x24 newlib\_syscalls.o
                0x08001ff4                _read
 .text.__errno  0x08002018        0xc d:/program files (x86)/gnu tools arm embedded/5.2 2015q4/bin/../lib/gcc/arm-none-eabi/5.2.1/../../../../arm-none-eabi/lib/armv7-m\libg.a(lib_a-errno.o)
                0x08002018                __errno
 .text.__libc_init_array
                0x08002024       0x50 d:/program files (x86)/gnu tools arm embedded/5.2 2015q4/bin/../lib/gcc/arm-none-eabi/5.2.1/../../../../arm-none-eabi/lib/armv7-m\libg.a(lib_a-init.o)
                0x08002024                __libc_init_array
 .text.memset   0x08002074       0x9c d:/program files (x86)/gnu tools arm embedded/5.2 2015q4/bin/../lib/gcc/arm-none-eabi/5.2.1/../../../../arm-none-eabi/lib/armv7-m\libg.a(lib_a-memset.o)
                0x08002074                memset
 .text._puts_r  0x08002110       0x64 d:/program files (x86)/gnu tools arm embedded/5.2 2015q4/bin/../lib/gcc/arm-none-eabi/5.2.1/../../../../arm-none-eabi/lib/armv7-m\libg.a(lib_a-puts.o)
                0x08002110                _puts_r
 .text.puts     0x08002174       0x10 d:/program files (x86)/gnu tools arm embedded/5.2 2015q4/bin/../lib/gcc/arm-none-eabi/5.2.1/../../../../arm-none-eabi/lib/armv7-m\libg.a(lib_a-puts.o)
                0x08002174                puts
 .text.strlen   0x08002184       0x5c d:/program files (x86)/gnu tools arm embedded/5.2 2015q4/bin/../lib/gcc/arm-none-eabi/5.2.1/../../../../arm-none-eabi/lib/armv7-m\libg.a(lib_a-strlen-stub.o)
                0x08002184                strlen
 .text.startup.register_fini
                0x080021e0       0x14 d:/program files (x86)/gnu tools arm embedded/5.2 2015q4/bin/../lib/gcc/arm-none-eabi/5.2.1/../../../../arm-none-eabi/lib/armv7-m\libg.a(lib_a-__call_atexit.o)
 .text.atexit   0x080021f4        0xc d:/program files (x86)/gnu tools arm embedded/5.2 2015q4/bin/../lib/gcc/arm-none-eabi/5.2.1/../../../../arm-none-eabi/lib/armv7-m\libg.a(lib_a-atexit.o)
                0x080021f4                atexit
 .text._cleanup_r
                0x08002200        0xc d:/program files (x86)/gnu tools arm embedded/5.2 2015q4/bin/../lib/gcc/arm-none-eabi/5.2.1/../../../../arm-none-eabi/lib/armv7-m\libg.a(lib_a-findfp.o)
                0x08002200                _cleanup_r
 .text.__sinit.part.1
                0x0800220c       0xf0 d:/program files (x86)/gnu tools arm embedded/5.2 2015q4/bin/../lib/gcc/arm-none-eabi/5.2.1/../../../../arm-none-eabi/lib/armv7-m\libg.a(lib_a-findfp.o)
 .text.__sinit  0x080022fc        0xc d:/program files (x86)/gnu tools arm embedded/5.2 2015q4/bin/../lib/gcc/arm-none-eabi/5.2.1/../../../../arm-none-eabi/lib/armv7-m\libg.a(lib_a-findfp.o)
                0x080022fc                __sinit
 .text.__sfp_lock_acquire
                0x08002308        0x4 d:/program files (x86)/gnu tools arm embedded/5.2 2015q4/bin/../lib/gcc/arm-none-eabi/5.2.1/../../../../arm-none-eabi/lib/armv7-m\libg.a(lib_a-findfp.o)
                0x08002308                __sfp_lock_acquire
 .text.__sfp_lock_release
                0x0800230c        0x4 d:/program files (x86)/gnu tools arm embedded/5.2 2015q4/bin/../lib/gcc/arm-none-eabi/5.2.1/../../../../arm-none-eabi/lib/armv7-m\libg.a(lib_a-findfp.o)
                0x0800230c                __sfp_lock_release
 .text.__libc_fini_array
                0x08002310       0x28 d:/program files (x86)/gnu tools arm embedded/5.2 2015q4/bin/../lib/gcc/arm-none-eabi/5.2.1/../../../../arm-none-eabi/lib/armv7-m\libg.a(lib_a-fini.o)
                0x08002310                __libc_fini_array
 .text.__sfvwrite_r
                0x08002338      0x304 d:/program files (x86)/gnu tools arm embedded/5.2 2015q4/bin/../lib/gcc/arm-none-eabi/5.2.1/../../../../arm-none-eabi/lib/armv7-m\libg.a(lib_a-fvwrite.o)
                0x08002338                __sfvwrite_r
 .text._fwalk_reent
                0x0800263c       0x50 d:/program files (x86)/gnu tools arm embedded/5.2 2015q4/bin/../lib/gcc/arm-none-eabi/5.2.1/../../../../arm-none-eabi/lib/armv7-m\libg.a(lib_a-fwalk.o)
                0x0800263c                _fwalk_reent
 .text._malloc_r
                0x0800268c      0x558 d:/program files (x86)/gnu tools arm embedded/5.2 2015q4/bin/../lib/gcc/arm-none-eabi/5.2.1/../../../../arm-none-eabi/lib/armv7-m\libg.a(lib_a-mallocr.o)
                0x0800268c                _malloc_r
 .text.memchr   0x08002be4       0x8c d:/program files (x86)/gnu tools arm embedded/5.2 2015q4/bin/../lib/gcc/arm-none-eabi/5.2.1/../../../../arm-none-eabi/lib/armv7-m\libg.a(lib_a-memchr-stub.o)
                0x08002be4                memchr
 .text.memmove  0x08002c70       0xc8 d:/program files (x86)/gnu tools arm embedded/5.2 2015q4/bin/../lib/gcc/arm-none-eabi/5.2.1/../../../../arm-none-eabi/lib/armv7-m\libg.a(lib_a-memmove.o)
                0x08002c70                memmove
 .text.__malloc_lock
                0x08002d38        0x4 d:/program files (x86)/gnu tools arm embedded/5.2 2015q4/bin/../lib/gcc/arm-none-eabi/5.2.1/../../../../arm-none-eabi/lib/armv7-m\libg.a(lib_a-mlock.o)
                0x08002d38                __malloc_lock
 .text.__malloc_unlock
                0x08002d3c        0x4 d:/program files (x86)/gnu tools arm embedded/5.2 2015q4/bin/../lib/gcc/arm-none-eabi/5.2.1/../../../../arm-none-eabi/lib/armv7-m\libg.a(lib_a-mlock.o)
                0x08002d3c                __malloc_unlock
 .text._realloc_r
                0x08002d40      0x3d4 d:/program files (x86)/gnu tools arm embedded/5.2 2015q4/bin/../lib/gcc/arm-none-eabi/5.2.1/../../../../arm-none-eabi/lib/armv7-m\libg.a(lib_a-reallocr.o)
                0x08002d40                _realloc_r
 .text._sbrk_r  0x08003114       0x24 d:/program files (x86)/gnu tools arm embedded/5.2 2015q4/bin/../lib/gcc/arm-none-eabi/5.2.1/../../../../arm-none-eabi/lib/armv7-m\libg.a(lib_a-sbrkr.o)
                0x08003114                _sbrk_r
 .text.__sread  0x08003138       0x24 d:/program files (x86)/gnu tools arm embedded/5.2 2015q4/bin/../lib/gcc/arm-none-eabi/5.2.1/../../../../arm-none-eabi/lib/armv7-m\libg.a(lib_a-stdio.o)
                0x08003138                __sread
 .text.__swrite
                0x0800315c       0x38 d:/program files (x86)/gnu tools arm embedded/5.2 2015q4/bin/../lib/gcc/arm-none-eabi/5.2.1/../../../../arm-none-eabi/lib/armv7-m\libg.a(lib_a-stdio.o)
                0x0800315c                __swrite
 .text.__sseek  0x08003194       0x20 d:/program files (x86)/gnu tools arm embedded/5.2 2015q4/bin/../lib/gcc/arm-none-eabi/5.2.1/../../../../arm-none-eabi/lib/armv7-m\libg.a(lib_a-stdio.o)
                0x08003194                __sseek
 .text.__sclose
                0x080031b4        0x8 d:/program files (x86)/gnu tools arm embedded/5.2 2015q4/bin/../lib/gcc/arm-none-eabi/5.2.1/../../../../arm-none-eabi/lib/armv7-m\libg.a(lib_a-stdio.o)
                0x080031b4                __sclose
 .text._write_r
                0x080031bc       0x2c d:/program files (x86)/gnu tools arm embedded/5.2 2015q4/bin/../lib/gcc/arm-none-eabi/5.2.1/../../../../arm-none-eabi/lib/armv7-m\libg.a(lib_a-writer.o)
                0x080031bc                _write_r
 .text.__swsetup_r
                0x080031e8       0xc4 d:/program files (x86)/gnu tools arm embedded/5.2 2015q4/bin/../lib/gcc/arm-none-eabi/5.2.1/../../../../arm-none-eabi/lib/armv7-m\libg.a(lib_a-wsetup.o)
                0x080031e8                __swsetup_r
 .text.__register_exitproc
                0x080032ac       0xa4 d:/program files (x86)/gnu tools arm embedded/5.2 2015q4/bin/../lib/gcc/arm-none-eabi/5.2.1/../../../../arm-none-eabi/lib/armv7-m\libg.a(lib_a-__atexit.o)
                0x080032ac                __register_exitproc
 .text._close_r
                0x08003350       0x24 d:/program files (x86)/gnu tools arm embedded/5.2 2015q4/bin/../lib/gcc/arm-none-eabi/5.2.1/../../../../arm-none-eabi/lib/armv7-m\libg.a(lib_a-closer.o)
                0x08003350                _close_r
 .text._fclose_r
                0x08003374       0x84 d:/program files (x86)/gnu tools arm embedded/5.2 2015q4/bin/../lib/gcc/arm-none-eabi/5.2.1/../../../../arm-none-eabi/lib/armv7-m\libg.a(lib_a-fclose.o)
                0x08003374                _fclose_r
 .text.__sflush_r
                0x080033f8      0x148 d:/program files (x86)/gnu tools arm embedded/5.2 2015q4/bin/../lib/gcc/arm-none-eabi/5.2.1/../../../../arm-none-eabi/lib/armv7-m\libg.a(lib_a-fflush.o)
                0x080033f8                __sflush_r
 .text._fflush_r
                0x08003540       0x2c d:/program files (x86)/gnu tools arm embedded/5.2 2015q4/bin/../lib/gcc/arm-none-eabi/5.2.1/../../../../arm-none-eabi/lib/armv7-m\libg.a(lib_a-fflush.o)
                0x08003540                _fflush_r
 .text._malloc_trim_r
                0x0800356c       0x9c d:/program files (x86)/gnu tools arm embedded/5.2 2015q4/bin/../lib/gcc/arm-none-eabi/5.2.1/../../../../arm-none-eabi/lib/armv7-m\libg.a(lib_a-freer.o)
                0x0800356c                _malloc_trim_r
 .text._free_r  0x08003608      0x1d0 d:/program files (x86)/gnu tools arm embedded/5.2 2015q4/bin/../lib/gcc/arm-none-eabi/5.2.1/../../../../arm-none-eabi/lib/armv7-m\libg.a(lib_a-freer.o)
                0x08003608                _free_r
 .text._lseek_r
                0x080037d8       0x2c d:/program files (x86)/gnu tools arm embedded/5.2 2015q4/bin/../lib/gcc/arm-none-eabi/5.2.1/../../../../arm-none-eabi/lib/armv7-m\libg.a(lib_a-lseekr.o)
                0x080037d8                _lseek_r
 .text.__smakebuf_r
                0x08003804       0xe0 d:/program files (x86)/gnu tools arm embedded/5.2 2015q4/bin/../lib/gcc/arm-none-eabi/5.2.1/../../../../arm-none-eabi/lib/armv7-m\libg.a(lib_a-makebuf.o)
                0x08003804                __smakebuf_r
 .text._read_r  0x080038e4       0x2c d:/program files (x86)/gnu tools arm embedded/5.2 2015q4/bin/../lib/gcc/arm-none-eabi/5.2.1/../../../../arm-none-eabi/lib/armv7-m\libg.a(lib_a-readr.o)
                0x080038e4                _read_r
 .text._fstat_r
                0x08003910       0x28 d:/program files (x86)/gnu tools arm embedded/5.2 2015q4/bin/../lib/gcc/arm-none-eabi/5.2.1/../../../../arm-none-eabi/lib/armv7-m\libg.a(lib_a-fstatr.o)
                0x08003910                _fstat_r
 .text._isatty_r
                0x08003938       0x24 d:/program files (x86)/gnu tools arm embedded/5.2 2015q4/bin/../lib/gcc/arm-none-eabi/5.2.1/../../../../arm-none-eabi/lib/armv7-m\libg.a(lib_a-isattyr.o)
                0x08003938                _isatty_r
 *(.rodata)
 .rodata        0x0800395c        0x5 FreeRTOS\src\tasks.o
 *fill*         0x08003961        0x3 
 .rodata        0x08003964       0x1e USER\src\main.o
 *(.rodata*)
 *fill*         0x08003982        0x2 
 .rodata.str1.4
                0x08003984        0x2 d:/program files (x86)/gnu tools arm embedded/5.2 2015q4/bin/../lib/gcc/arm-none-eabi/5.2.1/../../../../arm-none-eabi/lib/armv7-m\libg.a(lib_a-impure.o)
 *fill*         0x08003986        0x2 
 .rodata._global_impure_ptr
                0x08003988        0x4 d:/program files (x86)/gnu tools arm embedded/5.2 2015q4/bin/../lib/gcc/arm-none-eabi/5.2.1/../../../../arm-none-eabi/lib/armv7-m\libg.a(lib_a-impure.o)
                0x08003988                _global_impure_ptr
 .rodata.str1.4
                0x0800398c        0x4 d:/program files (x86)/gnu tools arm embedded/5.2 2015q4/bin/../lib/gcc/arm-none-eabi/5.2.1/../../../../arm-none-eabi/lib/armv7-m\libg.a(lib_a-puts.o)
                                  0x2 (size before relaxing)
 *(.glue_7)
 .glue_7        0x08003990        0x0 linker stubs
 *(.glue_7t)
 .glue_7t       0x08003990        0x0 linker stubs
 *(.init)
 .init          0x08003990        0x4 d:/program files (x86)/gnu tools arm embedded/5.2 2015q4/bin/../lib/gcc/arm-none-eabi/5.2.1/armv7-m/crti.o
                0x08003990                _init
 .init          0x08003994        0x8 d:/program files (x86)/gnu tools arm embedded/5.2 2015q4/bin/../lib/gcc/arm-none-eabi/5.2.1/armv7-m/crtn.o
 *(.fini)
 .fini          0x0800399c        0x4 d:/program files (x86)/gnu tools arm embedded/5.2 2015q4/bin/../lib/gcc/arm-none-eabi/5.2.1/armv7-m/crti.o
                0x0800399c                _fini
 .fini          0x080039a0        0x8 d:/program files (x86)/gnu tools arm embedded/5.2 2015q4/bin/../lib/gcc/arm-none-eabi/5.2.1/armv7-m/crtn.o
                0x080039a8                . = ALIGN (0x4)
                0x080039a8                _etext = .

.vfp11_veneer   0x080039a8        0x0
 .vfp11_veneer  0x080039a8        0x0 linker stubs

.v4_bx          0x080039a8        0x0
 .v4_bx         0x080039a8        0x0 linker stubs

.iplt           0x080039a8        0x0
 .iplt          0x080039a8        0x0 d:/program files (x86)/gnu tools arm embedded/5.2 2015q4/bin/../lib/gcc/arm-none-eabi/5.2.1/armv7-m/crtbegin.o

.rel.dyn        0x080039a8        0x0
 .rel.iplt      0x080039a8        0x0 d:/program files (x86)/gnu tools arm embedded/5.2 2015q4/bin/../lib/gcc/arm-none-eabi/5.2.1/armv7-m/crtbegin.o

.ARM.extab
 *(.ARM.extab* .gnu.linkonce.armextab.*)

.ARM            0x080039a8        0x0
                0x080039a8                __exidx_start = .
 *(.ARM.exidx*)
                0x080039a8                __exidx_end = .

.ARM.attributes
                0x080039a8       0x29
 *(.ARM.attributes)
 .ARM.attributes
                0x080039a8       0x1d d:/program files (x86)/gnu tools arm embedded/5.2 2015q4/bin/../lib/gcc/arm-none-eabi/5.2.1/armv7-m/crti.o
 .ARM.attributes
                0x080039c5       0x2d d:/program files (x86)/gnu tools arm embedded/5.2 2015q4/bin/../lib/gcc/arm-none-eabi/5.2.1/armv7-m/crtbegin.o
 .ARM.attributes
                0x080039f2       0x33 FreeRTOS\mem\heap_2.o
 .ARM.attributes
                0x08003a25       0x33 FreeRTOS\portable\port.o
 .ARM.attributes
                0x08003a58       0x33 FreeRTOS\src\list.o
 .ARM.attributes
                0x08003a8b       0x33 FreeRTOS\src\tasks.o
 .ARM.attributes
                0x08003abe       0x33 STM32\cmsis\stm32f10x_it.o
 .ARM.attributes
                0x08003af1       0x33 STM32\cmsis\system_stm32f10x.o
 .ARM.attributes
                0x08003b24       0x33 STM32\lib\src\misc.o
 .ARM.attributes
                0x08003b57       0x33 STM32\lib\src\stm32f10x_gpio.o
 .ARM.attributes
                0x08003b8a       0x33 STM32\lib\src\stm32f10x_rcc.o
 .ARM.attributes
                0x08003bbd       0x33 STM32\lib\src\stm32f10x_tim.o
 .ARM.attributes
                0x08003bf0       0x33 STM32\lib\src\stm32f10x_usart.o
 .ARM.attributes
                0x08003c23       0x21 STM32\start\startup_stm32f10x_hd.o
 .ARM.attributes
                0x08003c44       0x33 USER\src\LED.o
 .ARM.attributes
                0x08003c77       0x33 USER\src\main.o
 .ARM.attributes
                0x08003caa       0x33 USER\src\tim.o
 .ARM.attributes
                0x08003cdd       0x33 USER\src\usart.o
 .ARM.attributes
                0x08003d10       0x33 newlib\_sbrk.o
 .ARM.attributes
                0x08003d43       0x33 newlib\_syscalls.o
 .ARM.attributes
                0x08003d76       0x2d d:/program files (x86)/gnu tools arm embedded/5.2 2015q4/bin/../lib/gcc/arm-none-eabi/5.2.1/../../../../arm-none-eabi/lib/armv7-m\libg.a(lib_a-errno.o)
 .ARM.attributes
                0x08003da3       0x2d d:/program files (x86)/gnu tools arm embedded/5.2 2015q4/bin/../lib/gcc/arm-none-eabi/5.2.1/../../../../arm-none-eabi/lib/armv7-m\libg.a(lib_a-impure.o)
 .ARM.attributes
                0x08003dd0       0x2d d:/program files (x86)/gnu tools arm embedded/5.2 2015q4/bin/../lib/gcc/arm-none-eabi/5.2.1/../../../../arm-none-eabi/lib/armv7-m\libg.a(lib_a-init.o)
 .ARM.attributes
                0x08003dfd       0x1b d:/program files (x86)/gnu tools arm embedded/5.2 2015q4/bin/../lib/gcc/arm-none-eabi/5.2.1/../../../../arm-none-eabi/lib/armv7-m\libg.a(lib_a-memcpy.o)
 .ARM.attributes
                0x08003e18       0x2d d:/program files (x86)/gnu tools arm embedded/5.2 2015q4/bin/../lib/gcc/arm-none-eabi/5.2.1/../../../../arm-none-eabi/lib/armv7-m\libg.a(lib_a-memset.o)
 .ARM.attributes
                0x08003e45       0x2d d:/program files (x86)/gnu tools arm embedded/5.2 2015q4/bin/../lib/gcc/arm-none-eabi/5.2.1/../../../../arm-none-eabi/lib/armv7-m\libg.a(lib_a-puts.o)
 .ARM.attributes
                0x08003e72       0x2d d:/program files (x86)/gnu tools arm embedded/5.2 2015q4/bin/../lib/gcc/arm-none-eabi/5.2.1/../../../../arm-none-eabi/lib/armv7-m\libg.a(lib_a-strlen-stub.o)
 .ARM.attributes
                0x08003e9f       0x2d d:/program files (x86)/gnu tools arm embedded/5.2 2015q4/bin/../lib/gcc/arm-none-eabi/5.2.1/../../../../arm-none-eabi/lib/armv7-m\libg.a(lib_a-__call_atexit.o)
 .ARM.attributes
                0x08003ecc       0x2d d:/program files (x86)/gnu tools arm embedded/5.2 2015q4/bin/../lib/gcc/arm-none-eabi/5.2.1/../../../../arm-none-eabi/lib/armv7-m\libg.a(lib_a-atexit.o)
 .ARM.attributes
                0x08003ef9       0x2d d:/program files (x86)/gnu tools arm embedded/5.2 2015q4/bin/../lib/gcc/arm-none-eabi/5.2.1/../../../../arm-none-eabi/lib/armv7-m\libg.a(lib_a-findfp.o)
 .ARM.attributes
                0x08003f26       0x2d d:/program files (x86)/gnu tools arm embedded/5.2 2015q4/bin/../lib/gcc/arm-none-eabi/5.2.1/../../../../arm-none-eabi/lib/armv7-m\libg.a(lib_a-fini.o)
 .ARM.attributes
                0x08003f53       0x2d d:/program files (x86)/gnu tools arm embedded/5.2 2015q4/bin/../lib/gcc/arm-none-eabi/5.2.1/../../../../arm-none-eabi/lib/armv7-m\libg.a(lib_a-fvwrite.o)
 .ARM.attributes
                0x08003f80       0x2d d:/program files (x86)/gnu tools arm embedded/5.2 2015q4/bin/../lib/gcc/arm-none-eabi/5.2.1/../../../../arm-none-eabi/lib/armv7-m\libg.a(lib_a-fwalk.o)
 .ARM.attributes
                0x08003fad       0x2d d:/program files (x86)/gnu tools arm embedded/5.2 2015q4/bin/../lib/gcc/arm-none-eabi/5.2.1/../../../../arm-none-eabi/lib/armv7-m\libg.a(lib_a-mallocr.o)
 .ARM.attributes
                0x08003fda       0x2d d:/program files (x86)/gnu tools arm embedded/5.2 2015q4/bin/../lib/gcc/arm-none-eabi/5.2.1/../../../../arm-none-eabi/lib/armv7-m\libg.a(lib_a-memchr-stub.o)
 .ARM.attributes
                0x08004007       0x2d d:/program files (x86)/gnu tools arm embedded/5.2 2015q4/bin/../lib/gcc/arm-none-eabi/5.2.1/../../../../arm-none-eabi/lib/armv7-m\libg.a(lib_a-memmove.o)
 .ARM.attributes
                0x08004034       0x2d d:/program files (x86)/gnu tools arm embedded/5.2 2015q4/bin/../lib/gcc/arm-none-eabi/5.2.1/../../../../arm-none-eabi/lib/armv7-m\libg.a(lib_a-mlock.o)
 .ARM.attributes
                0x08004061       0x2d d:/program files (x86)/gnu tools arm embedded/5.2 2015q4/bin/../lib/gcc/arm-none-eabi/5.2.1/../../../../arm-none-eabi/lib/armv7-m\libg.a(lib_a-reallocr.o)
 .ARM.attributes
                0x0800408e       0x2d d:/program files (x86)/gnu tools arm embedded/5.2 2015q4/bin/../lib/gcc/arm-none-eabi/5.2.1/../../../../arm-none-eabi/lib/armv7-m\libg.a(lib_a-sbrkr.o)
 .ARM.attributes
                0x080040bb       0x2d d:/program files (x86)/gnu tools arm embedded/5.2 2015q4/bin/../lib/gcc/arm-none-eabi/5.2.1/../../../../arm-none-eabi/lib/armv7-m\libg.a(lib_a-stdio.o)
 .ARM.attributes
                0x080040e8       0x2d d:/program files (x86)/gnu tools arm embedded/5.2 2015q4/bin/../lib/gcc/arm-none-eabi/5.2.1/../../../../arm-none-eabi/lib/armv7-m\libg.a(lib_a-writer.o)
 .ARM.attributes
                0x08004115       0x2d d:/program files (x86)/gnu tools arm embedded/5.2 2015q4/bin/../lib/gcc/arm-none-eabi/5.2.1/../../../../arm-none-eabi/lib/armv7-m\libg.a(lib_a-wsetup.o)
 .ARM.attributes
                0x08004142       0x2d d:/program files (x86)/gnu tools arm embedded/5.2 2015q4/bin/../lib/gcc/arm-none-eabi/5.2.1/../../../../arm-none-eabi/lib/armv7-m\libg.a(lib_a-__atexit.o)
 .ARM.attributes
                0x0800416f       0x2d d:/program files (x86)/gnu tools arm embedded/5.2 2015q4/bin/../lib/gcc/arm-none-eabi/5.2.1/../../../../arm-none-eabi/lib/armv7-m\libg.a(lib_a-closer.o)
 .ARM.attributes
                0x0800419c       0x2d d:/program files (x86)/gnu tools arm embedded/5.2 2015q4/bin/../lib/gcc/arm-none-eabi/5.2.1/../../../../arm-none-eabi/lib/armv7-m\libg.a(lib_a-fclose.o)
 .ARM.attributes
                0x080041c9       0x2d d:/program files (x86)/gnu tools arm embedded/5.2 2015q4/bin/../lib/gcc/arm-none-eabi/5.2.1/../../../../arm-none-eabi/lib/armv7-m\libg.a(lib_a-fflush.o)
 .ARM.attributes
                0x080041f6       0x2d d:/program files (x86)/gnu tools arm embedded/5.2 2015q4/bin/../lib/gcc/arm-none-eabi/5.2.1/../../../../arm-none-eabi/lib/armv7-m\libg.a(lib_a-freer.o)
 .ARM.attributes
                0x08004223       0x2d d:/program files (x86)/gnu tools arm embedded/5.2 2015q4/bin/../lib/gcc/arm-none-eabi/5.2.1/../../../../arm-none-eabi/lib/armv7-m\libg.a(lib_a-lseekr.o)
 .ARM.attributes
                0x08004250       0x2d d:/program files (x86)/gnu tools arm embedded/5.2 2015q4/bin/../lib/gcc/arm-none-eabi/5.2.1/../../../../arm-none-eabi/lib/armv7-m\libg.a(lib_a-makebuf.o)
 .ARM.attributes
                0x0800427d       0x2d d:/program files (x86)/gnu tools arm embedded/5.2 2015q4/bin/../lib/gcc/arm-none-eabi/5.2.1/../../../../arm-none-eabi/lib/armv7-m\libg.a(lib_a-readr.o)
 .ARM.attributes
                0x080042aa       0x2d d:/program files (x86)/gnu tools arm embedded/5.2 2015q4/bin/../lib/gcc/arm-none-eabi/5.2.1/../../../../arm-none-eabi/lib/armv7-m\libg.a(lib_a-fstatr.o)
 .ARM.attributes
                0x080042d7       0x2d d:/program files (x86)/gnu tools arm embedded/5.2 2015q4/bin/../lib/gcc/arm-none-eabi/5.2.1/../../../../arm-none-eabi/lib/armv7-m\libg.a(lib_a-isattyr.o)
 .ARM.attributes
                0x08004304       0x2d d:/program files (x86)/gnu tools arm embedded/5.2 2015q4/bin/../lib/gcc/arm-none-eabi/5.2.1/armv7-m/crtend.o
 .ARM.attributes
                0x08004331       0x1d d:/program files (x86)/gnu tools arm embedded/5.2 2015q4/bin/../lib/gcc/arm-none-eabi/5.2.1/armv7-m/crtn.o

.preinit_array  0x080039a8        0x0
                0x080039a8                PROVIDE (__preinit_array_start, .)
 *(.preinit_array*)
                0x080039a8                PROVIDE (__preinit_array_end, .)

.init_array     0x080039a8        0x8
                0x080039a8                PROVIDE (__init_array_start, .)
 *(SORT(.init_array.*))
 .init_array.00000
                0x080039a8        0x4 d:/program files (x86)/gnu tools arm embedded/5.2 2015q4/bin/../lib/gcc/arm-none-eabi/5.2.1/../../../../arm-none-eabi/lib/armv7-m\libg.a(lib_a-__call_atexit.o)
 *(.init_array*)
 .init_array    0x080039ac        0x4 d:/program files (x86)/gnu tools arm embedded/5.2 2015q4/bin/../lib/gcc/arm-none-eabi/5.2.1/armv7-m/crtbegin.o
                0x080039b0                PROVIDE (__init_array_end, .)

.fini_array     0x080039b0        0x4
                0x080039b0                PROVIDE (__fini_array_start, .)
 *(.fini_array*)
 .fini_array    0x080039b0        0x4 d:/program files (x86)/gnu tools arm embedded/5.2 2015q4/bin/../lib/gcc/arm-none-eabi/5.2.1/armv7-m/crtbegin.o
 *(SORT(.fini_array.*))
                0x080039b4                PROVIDE (__fini_array_end, .)
                0x080039b4                _sidata = .

.data           0x20000000      0x85c load address 0x080039b4
                0x20000000                . = ALIGN (0x4)
                0x20000000                _sdata = .
 *(.data)
 *(.data*)
 .data.xFreeBytesRemaining
                0x20000000        0x4 FreeRTOS\mem\heap_2.o
 .data.uxCriticalNesting
                0x20000004        0x4 FreeRTOS\portable\port.o
 .data.APBAHBPrescTable
                0x20000008       0x10 STM32\lib\src\stm32f10x_rcc.o
 .data.ADCPrescTable
                0x20000018        0x4 STM32\lib\src\stm32f10x_rcc.o
 *fill*         0x2000001c        0x4 
 .data.impure_data
                0x20000020      0x428 d:/program files (x86)/gnu tools arm embedded/5.2 2015q4/bin/../lib/gcc/arm-none-eabi/5.2.1/../../../../arm-none-eabi/lib/armv7-m\libg.a(lib_a-impure.o)
 .data._impure_ptr
                0x20000448        0x4 d:/program files (x86)/gnu tools arm embedded/5.2 2015q4/bin/../lib/gcc/arm-none-eabi/5.2.1/../../../../arm-none-eabi/lib/armv7-m\libg.a(lib_a-impure.o)
                0x20000448                _impure_ptr
 .data.__malloc_av_
                0x2000044c      0x408 d:/program files (x86)/gnu tools arm embedded/5.2 2015q4/bin/../lib/gcc/arm-none-eabi/5.2.1/../../../../arm-none-eabi/lib/armv7-m\libg.a(lib_a-mallocr.o)
                0x2000044c                __malloc_av_
 .data.__malloc_trim_threshold
                0x20000854        0x4 d:/program files (x86)/gnu tools arm embedded/5.2 2015q4/bin/../lib/gcc/arm-none-eabi/5.2.1/../../../../arm-none-eabi/lib/armv7-m\libg.a(lib_a-mallocr.o)
                0x20000854                __malloc_trim_threshold
 .data.__malloc_sbrk_base
                0x20000858        0x4 d:/program files (x86)/gnu tools arm embedded/5.2 2015q4/bin/../lib/gcc/arm-none-eabi/5.2.1/../../../../arm-none-eabi/lib/armv7-m\libg.a(lib_a-mallocr.o)
                0x20000858                __malloc_sbrk_base
                0x2000085c                . = ALIGN (0x4)
                0x2000085c                _edata = .

.jcr            0x2000085c        0x0 load address 0x08004210
 .jcr           0x2000085c        0x0 d:/program files (x86)/gnu tools arm embedded/5.2 2015q4/bin/../lib/gcc/arm-none-eabi/5.2.1/armv7-m/crtbegin.o

.tm_clone_table
                0x2000085c        0x0 load address 0x08004210
 .tm_clone_table
                0x2000085c        0x0 d:/program files (x86)/gnu tools arm embedded/5.2 2015q4/bin/../lib/gcc/arm-none-eabi/5.2.1/armv7-m/crtbegin.o
 .tm_clone_table
                0x2000085c        0x0 d:/program files (x86)/gnu tools arm embedded/5.2 2015q4/bin/../lib/gcc/arm-none-eabi/5.2.1/armv7-m/crtend.o

.igot.plt       0x2000085c        0x0 load address 0x08004210
 .igot.plt      0x2000085c        0x0 d:/program files (x86)/gnu tools arm embedded/5.2 2015q4/bin/../lib/gcc/arm-none-eabi/5.2.1/armv7-m/crtbegin.o
                0x2000085c                . = ALIGN (0x4)

.bss            0x2000085c     0x47e0 load address 0x08004210
                0x2000085c                _sbss = .
                0x2000085c                __bss_start__ = _sbss
 *(.bss)
 .bss           0x2000085c       0x1c d:/program files (x86)/gnu tools arm embedded/5.2 2015q4/bin/../lib/gcc/arm-none-eabi/5.2.1/armv7-m/crtbegin.o
 *(.bss*)
 .bss.ucHeap    0x20000878     0x4400 FreeRTOS\mem\heap_2.o
 .bss.xStart    0x20004c78        0x8 FreeRTOS\mem\heap_2.o
 .bss.xEnd      0x20004c80        0x8 FreeRTOS\mem\heap_2.o
 .bss.xHeapHasBeenInitialised.7417
                0x20004c88        0x4 FreeRTOS\mem\heap_2.o
 .bss.pxCurrentTCB
                0x20004c8c        0x4 FreeRTOS\src\tasks.o
                0x20004c8c                pxCurrentTCB
 .bss.pxReadyTasksLists
                0x20004c90       0x64 FreeRTOS\src\tasks.o
 .bss.xDelayedTaskList1
                0x20004cf4       0x14 FreeRTOS\src\tasks.o
 .bss.xDelayedTaskList2
                0x20004d08       0x14 FreeRTOS\src\tasks.o
 .bss.pxDelayedTaskList
                0x20004d1c        0x4 FreeRTOS\src\tasks.o
 .bss.pxOverflowDelayedTaskList
                0x20004d20        0x4 FreeRTOS\src\tasks.o
 .bss.xPendingReadyList
                0x20004d24       0x14 FreeRTOS\src\tasks.o
 .bss.xTasksWaitingTermination
                0x20004d38       0x14 FreeRTOS\src\tasks.o
 .bss.uxTasksDeleted
                0x20004d4c        0x4 FreeRTOS\src\tasks.o
 .bss.xSuspendedTaskList
                0x20004d50       0x14 FreeRTOS\src\tasks.o
 .bss.uxCurrentNumberOfTasks
                0x20004d64        0x4 FreeRTOS\src\tasks.o
 .bss.xTickCount
                0x20004d68        0x4 FreeRTOS\src\tasks.o
 .bss.uxTopReadyPriority
                0x20004d6c        0x4 FreeRTOS\src\tasks.o
 .bss.xSchedulerRunning
                0x20004d70        0x4 FreeRTOS\src\tasks.o
 .bss.uxPendedTicks
                0x20004d74        0x4 FreeRTOS\src\tasks.o
 .bss.xYieldPending
                0x20004d78        0x4 FreeRTOS\src\tasks.o
 .bss.xNumOfOverflows
                0x20004d7c        0x4 FreeRTOS\src\tasks.o
 .bss.uxTaskNumber
                0x20004d80        0x4 FreeRTOS\src\tasks.o
 .bss.xNextTaskUnblockTime
                0x20004d84        0x4 FreeRTOS\src\tasks.o
 .bss.uxSchedulerSuspended
                0x20004d88        0x4 FreeRTOS\src\tasks.o
 .bss.LED_delay
                0x20004d8c        0x4 USER\src\LED.o
                0x20004d8c                LED_delay
 .bss.current_heap_end.4422
                0x20004d90        0x4 newlib\_sbrk.o
 .bss.__malloc_max_total_mem
                0x20004d94        0x4 d:/program files (x86)/gnu tools arm embedded/5.2 2015q4/bin/../lib/gcc/arm-none-eabi/5.2.1/../../../../arm-none-eabi/lib/armv7-m\libg.a(lib_a-mallocr.o)
                0x20004d94                __malloc_max_total_mem
 .bss.__malloc_max_sbrked_mem
                0x20004d98        0x4 d:/program files (x86)/gnu tools arm embedded/5.2 2015q4/bin/../lib/gcc/arm-none-eabi/5.2.1/../../../../arm-none-eabi/lib/armv7-m\libg.a(lib_a-mallocr.o)
                0x20004d98                __malloc_max_sbrked_mem
 .bss.__malloc_top_pad
                0x20004d9c        0x4 d:/program files (x86)/gnu tools arm embedded/5.2 2015q4/bin/../lib/gcc/arm-none-eabi/5.2.1/../../../../arm-none-eabi/lib/armv7-m\libg.a(lib_a-mallocr.o)
                0x20004d9c                __malloc_top_pad
 .bss.__malloc_current_mallinfo
                0x20004da0       0x28 d:/program files (x86)/gnu tools arm embedded/5.2 2015q4/bin/../lib/gcc/arm-none-eabi/5.2.1/../../../../arm-none-eabi/lib/armv7-m\libg.a(lib_a-mallocr.o)
                0x20004da0                __malloc_current_mallinfo
 *(COMMON)
 COMMON         0x20004dc8      0x26e USER\src\usart.o
                0x20004dc8                Rx2
                0x20004e98                Rx1
                0x20004f68                Rx3
 *fill*         0x20005036        0x2 
 COMMON         0x20005038        0x4 newlib\_syscalls.o
                0x20005038                errno
                0x2000503c                . = ALIGN (0x4)
                0x2000503c                _ebss = .
                0x2000503c                __bss_end__ = _ebss
                [!provide]                PROVIDE (end, _ebss)
                [!provide]                PROVIDE (_end, _ebss)

._user_heap_stack
                0x2000503c      0x200 load address 0x080089f0
                0x2000503c                . = ALIGN (0x4)
                0x2000503c                PROVIDE (_Heap_Begin, .)
                0x00000000                PROVIDE (_Heap_Limit, _Min_Heap_Size)
                0x2000503c                . = (. + _Min_Heap_Size)
                0x2000523c                . = (. + _Min_Stack_Size)
 *fill*         0x2000503c      0x200 
                0x2000523c                . = ALIGN (0x4)

.memory_b1_text
 *(.mb1text)
 *(.mb1text*)
 *(.mb1rodata)
 *(.mb1rodata*)

/DISCARD/
 libc.a(*)
 libm.a(*)
 libgcc.a(*)
OUTPUT(Eclipse_STM32_FreeRTOS.elf elf32-littlearm)

.debug_info     0x00000000     0x78f8
 .debug_info    0x00000000      0x2f8 FreeRTOS\mem\heap_2.o
 .debug_info    0x000002f8      0x254 FreeRTOS\portable\port.o
 .debug_info    0x0000054c      0x2bd FreeRTOS\src\list.o
 .debug_info    0x00000809     0x12c7 FreeRTOS\src\tasks.o
 .debug_info    0x00001ad0      0x121 STM32\cmsis\stm32f10x_it.o
 .debug_info    0x00001bf1      0x440 STM32\cmsis\system_stm32f10x.o
 .debug_info    0x00002031      0x4f5 STM32\lib\src\misc.o
 .debug_info    0x00002526      0x6e8 STM32\lib\src\stm32f10x_gpio.o
 .debug_info    0x00002c0e      0x88b STM32\lib\src\stm32f10x_rcc.o
 .debug_info    0x00003499     0x1c52 STM32\lib\src\stm32f10x_tim.o
 .debug_info    0x000050eb      0x9e2 STM32\lib\src\stm32f10x_usart.o
 .debug_info    0x00005acd       0x80 STM32\start\startup_stm32f10x_hd.o
 .debug_info    0x00005b4d      0x28f USER\src\LED.o
 .debug_info    0x00005ddc      0x472 USER\src\main.o
 .debug_info    0x0000624e      0x6c8 USER\src\tim.o
 .debug_info    0x00006916      0x6cd USER\src\usart.o
 .debug_info    0x00006fe3      0x109 newlib\_sbrk.o
 .debug_info    0x000070ec      0x80c newlib\_syscalls.o

.debug_abbrev   0x00000000     0x181d
 .debug_abbrev  0x00000000      0x16d FreeRTOS\mem\heap_2.o
 .debug_abbrev  0x0000016d      0x17d FreeRTOS\portable\port.o
 .debug_abbrev  0x000002ea       0xdb FreeRTOS\src\list.o
 .debug_abbrev  0x000003c5      0x281 FreeRTOS\src\tasks.o
 .debug_abbrev  0x00000646       0x5d STM32\cmsis\stm32f10x_it.o
 .debug_abbrev  0x000006a3      0x17e STM32\cmsis\system_stm32f10x.o
 .debug_abbrev  0x00000821      0x15b STM32\lib\src\misc.o
 .debug_abbrev  0x0000097c      0x1d1 STM32\lib\src\stm32f10x_gpio.o
 .debug_abbrev  0x00000b4d      0x1c1 STM32\lib\src\stm32f10x_rcc.o
 .debug_abbrev  0x00000d0e      0x1b7 STM32\lib\src\stm32f10x_tim.o
 .debug_abbrev  0x00000ec5      0x169 STM32\lib\src\stm32f10x_usart.o
 .debug_abbrev  0x0000102e       0x12 STM32\start\startup_stm32f10x_hd.o
 .debug_abbrev  0x00001040      0x12c USER\src\LED.o
 .debug_abbrev  0x0000116c      0x1c7 USER\src\main.o
 .debug_abbrev  0x00001333      0x169 USER\src\tim.o
 .debug_abbrev  0x0000149c      0x19b USER\src\usart.o
 .debug_abbrev  0x00001637       0x8e newlib\_sbrk.o
 .debug_abbrev  0x000016c5      0x158 newlib\_syscalls.o

.debug_aranges  0x00000000      0xb50
 .debug_aranges
                0x00000000       0x40 FreeRTOS\mem\heap_2.o
 .debug_aranges
                0x00000040       0x88 FreeRTOS\portable\port.o
 .debug_aranges
                0x000000c8       0x40 FreeRTOS\src\list.o
 .debug_aranges
                0x00000108      0x188 FreeRTOS\src\tasks.o
 .debug_aranges
                0x00000290       0x60 STM32\cmsis\stm32f10x_it.o
 .debug_aranges
                0x000002f0       0x38 STM32\cmsis\system_stm32f10x.o
 .debug_aranges
                0x00000328       0x40 STM32\lib\src\misc.o
 .debug_aranges
                0x00000368       0xa8 STM32\lib\src\stm32f10x_gpio.o
 .debug_aranges
                0x00000410      0x118 STM32\lib\src\stm32f10x_rcc.o
 .debug_aranges
                0x00000528      0x2f0 STM32\lib\src\stm32f10x_tim.o
 .debug_aranges
                0x00000818      0x100 STM32\lib\src\stm32f10x_usart.o
 .debug_aranges
                0x00000918       0x28 STM32\start\startup_stm32f10x_hd.o
 .debug_aranges
                0x00000940       0x28 USER\src\LED.o
 .debug_aranges
                0x00000968       0x40 USER\src\main.o
 .debug_aranges
                0x000009a8       0x38 USER\src\tim.o
 .debug_aranges
                0x000009e0       0x80 USER\src\usart.o
 .debug_aranges
                0x00000a60       0x20 newlib\_sbrk.o
 .debug_aranges
                0x00000a80       0xd0 newlib\_syscalls.o

.debug_ranges   0x00000000      0xa38
 .debug_ranges  0x00000000       0x30 FreeRTOS\mem\heap_2.o
 .debug_ranges  0x00000030       0x78 FreeRTOS\portable\port.o
 .debug_ranges  0x000000a8       0x30 FreeRTOS\src\list.o
 .debug_ranges  0x000000d8      0x178 FreeRTOS\src\tasks.o
 .debug_ranges  0x00000250       0x50 STM32\cmsis\stm32f10x_it.o
 .debug_ranges  0x000002a0       0x28 STM32\cmsis\system_stm32f10x.o
 .debug_ranges  0x000002c8       0x30 STM32\lib\src\misc.o
 .debug_ranges  0x000002f8       0x98 STM32\lib\src\stm32f10x_gpio.o
 .debug_ranges  0x00000390      0x108 STM32\lib\src\stm32f10x_rcc.o
 .debug_ranges  0x00000498      0x2e0 STM32\lib\src\stm32f10x_tim.o
 .debug_ranges  0x00000778       0xf0 STM32\lib\src\stm32f10x_usart.o
 .debug_ranges  0x00000868       0x20 STM32\start\startup_stm32f10x_hd.o
 .debug_ranges  0x00000888       0x18 USER\src\LED.o
 .debug_ranges  0x000008a0       0x30 USER\src\main.o
 .debug_ranges  0x000008d0       0x28 USER\src\tim.o
 .debug_ranges  0x000008f8       0x70 USER\src\usart.o
 .debug_ranges  0x00000968       0x10 newlib\_sbrk.o
 .debug_ranges  0x00000978       0xc0 newlib\_syscalls.o

.debug_macro    0x00000000    0x11c0a
 .debug_macro   0x00000000      0x2ae FreeRTOS\mem\heap_2.o
 .debug_macro   0x000002ae      0x86e FreeRTOS\mem\heap_2.o
 .debug_macro   0x00000b1c       0x58 FreeRTOS\mem\heap_2.o
 .debug_macro   0x00000b74       0x22 FreeRTOS\mem\heap_2.o
 .debug_macro   0x00000b96       0x35 FreeRTOS\mem\heap_2.o
 .debug_macro   0x00000bcb       0x9c FreeRTOS\mem\heap_2.o
 .debug_macro   0x00000c67       0x16 FreeRTOS\mem\heap_2.o
 .debug_macro   0x00000c7d      0x10e FreeRTOS\mem\heap_2.o
 .debug_macro   0x00000d8b       0x8d FreeRTOS\mem\heap_2.o
 .debug_macro   0x00000e18       0x4a FreeRTOS\mem\heap_2.o
 .debug_macro   0x00000e62       0x52 FreeRTOS\mem\heap_2.o
 .debug_macro   0x00000eb4       0x16 FreeRTOS\mem\heap_2.o
 .debug_macro   0x00000eca       0x43 FreeRTOS\mem\heap_2.o
 .debug_macro   0x00000f0d      0x187 FreeRTOS\mem\heap_2.o
 .debug_macro   0x00001094      0x329 FreeRTOS\mem\heap_2.o
 .debug_macro   0x000013bd       0x16 FreeRTOS\mem\heap_2.o
 .debug_macro   0x000013d3       0x29 FreeRTOS\mem\heap_2.o
 .debug_macro   0x000013fc       0xfd FreeRTOS\mem\heap_2.o
 .debug_macro   0x000014f9       0x22 FreeRTOS\mem\heap_2.o
 .debug_macro   0x0000151b      0x1df FreeRTOS\mem\heap_2.o
 .debug_macro   0x000016fa       0x56 FreeRTOS\mem\heap_2.o
 .debug_macro   0x00001750      0x6bd FreeRTOS\mem\heap_2.o
 .debug_macro   0x00001e0d     0x7e6d FreeRTOS\mem\heap_2.o
 .debug_macro   0x00009c7a      0x2df FreeRTOS\mem\heap_2.o
 .debug_macro   0x00009f59      0x144 FreeRTOS\mem\heap_2.o
 .debug_macro   0x0000a09d      0x3cf FreeRTOS\mem\heap_2.o
 .debug_macro   0x0000a46c       0xc8 FreeRTOS\mem\heap_2.o
 .debug_macro   0x0000a534      0x17a FreeRTOS\mem\heap_2.o
 .debug_macro   0x0000a6ae       0xac FreeRTOS\mem\heap_2.o
 .debug_macro   0x0000a75a      0x3ad FreeRTOS\mem\heap_2.o
 .debug_macro   0x0000ab07       0x9a FreeRTOS\mem\heap_2.o
 .debug_macro   0x0000aba1      0x2cf FreeRTOS\mem\heap_2.o
 .debug_macro   0x0000ae70      0x279 FreeRTOS\mem\heap_2.o
 .debug_macro   0x0000b0e9      0x2ac FreeRTOS\mem\heap_2.o
 .debug_macro   0x0000b395      0x2b1 FreeRTOS\mem\heap_2.o
 .debug_macro   0x0000b646       0x64 FreeRTOS\mem\heap_2.o
 .debug_macro   0x0000b6aa       0x82 FreeRTOS\mem\heap_2.o
 .debug_macro   0x0000b72c      0x3e2 FreeRTOS\mem\heap_2.o
 .debug_macro   0x0000bb0e       0x58 FreeRTOS\mem\heap_2.o
 .debug_macro   0x0000bb66      0x341 FreeRTOS\mem\heap_2.o
 .debug_macro   0x0000bea7      0x2c4 FreeRTOS\mem\heap_2.o
 .debug_macro   0x0000c16b      0x711 FreeRTOS\mem\heap_2.o
 .debug_macro   0x0000c87c      0x220 FreeRTOS\mem\heap_2.o
 .debug_macro   0x0000ca9c       0x34 FreeRTOS\mem\heap_2.o
 .debug_macro   0x0000cad0       0x8b FreeRTOS\mem\heap_2.o
 .debug_macro   0x0000cb5b       0x35 FreeRTOS\mem\heap_2.o
 .debug_macro   0x0000cb90       0x9b FreeRTOS\mem\heap_2.o
 .debug_macro   0x0000cc2b      0x15d FreeRTOS\mem\heap_2.o
 .debug_macro   0x0000cd88       0xd2 FreeRTOS\mem\heap_2.o
 .debug_macro   0x0000ce5a       0x10 FreeRTOS\mem\heap_2.o
 .debug_macro   0x0000ce6a       0x1f FreeRTOS\mem\heap_2.o
 .debug_macro   0x0000ce89      0x417 FreeRTOS\mem\heap_2.o
 .debug_macro   0x0000d2a0       0xc0 FreeRTOS\mem\heap_2.o
 .debug_macro   0x0000d360       0x9a FreeRTOS\mem\heap_2.o
 .debug_macro   0x0000d3fa      0x279 FreeRTOS\portable\port.o
 .debug_macro   0x0000d673      0x174 FreeRTOS\portable\port.o
 .debug_macro   0x0000d7e7       0x44 FreeRTOS\portable\port.o
 .debug_macro   0x0000d82b      0x280 FreeRTOS\src\list.o
 .debug_macro   0x0000daab      0x32e FreeRTOS\src\tasks.o
 .debug_macro   0x0000ddd9       0x11 FreeRTOS\src\tasks.o
 .debug_macro   0x0000ddea      0x176 STM32\cmsis\stm32f10x_it.o
 .debug_macro   0x0000df60       0x22 STM32\cmsis\stm32f10x_it.o
 .debug_macro   0x0000df82      0x69f STM32\cmsis\stm32f10x_it.o
 .debug_macro   0x0000e621      0x179 STM32\cmsis\system_stm32f10x.o
 .debug_macro   0x0000e79a      0x17c STM32\lib\src\misc.o
 .debug_macro   0x0000e916       0x85 STM32\lib\src\misc.o
 .debug_macro   0x0000e99b      0x1c4 STM32\lib\src\stm32f10x_gpio.o
 .debug_macro   0x0000eb5f      0x2a6 STM32\lib\src\stm32f10x_gpio.o
 .debug_macro   0x0000ee05      0x292 STM32\lib\src\stm32f10x_rcc.o
 .debug_macro   0x0000f097      0x3dc STM32\lib\src\stm32f10x_rcc.o
 .debug_macro   0x0000f473      0x18e STM32\lib\src\stm32f10x_tim.o
 .debug_macro   0x0000f601      0x70b STM32\lib\src\stm32f10x_tim.o
 .debug_macro   0x0000fd0c      0x22a STM32\lib\src\stm32f10x_usart.o
 .debug_macro   0x0000ff36      0x21a STM32\lib\src\stm32f10x_usart.o
 .debug_macro   0x00010150      0x29d USER\src\LED.o
 .debug_macro   0x000103ed       0x28 USER\src\LED.o
 .debug_macro   0x00010415       0x16 USER\src\LED.o
 .debug_macro   0x0001042b       0x97 USER\src\LED.o
 .debug_macro   0x000104c2       0xfd USER\src\LED.o
 .debug_macro   0x000105bf       0x10 USER\src\LED.o
 .debug_macro   0x000105cf       0x10 USER\src\LED.o
 .debug_macro   0x000105df       0x22 USER\src\LED.o
 .debug_macro   0x00010601       0x3a USER\src\LED.o
 .debug_macro   0x0001063b       0x10 USER\src\LED.o
 .debug_macro   0x0001064b       0x40 USER\src\LED.o
 .debug_macro   0x0001068b       0x65 USER\src\LED.o
 .debug_macro   0x000106f0       0x16 USER\src\LED.o
 .debug_macro   0x00010706      0x197 USER\src\LED.o
 .debug_macro   0x0001089d      0x367 USER\src\main.o
 .debug_macro   0x00010c04       0x2e USER\src\main.o
 .debug_macro   0x00010c32       0x7f USER\src\main.o
 .debug_macro   0x00010cb1      0x2ab USER\src\tim.o
 .debug_macro   0x00010f5c      0x292 USER\src\usart.o
 .debug_macro   0x000111ee      0x12e newlib\_sbrk.o
 .debug_macro   0x0001131c       0x10 newlib\_sbrk.o
 .debug_macro   0x0001132c      0x23b newlib\_sbrk.o
 .debug_macro   0x00011567      0x1c6 newlib\_syscalls.o
 .debug_macro   0x0001172d       0x1c newlib\_syscalls.o
 .debug_macro   0x00011749       0x10 newlib\_syscalls.o
 .debug_macro   0x00011759       0x10 newlib\_syscalls.o
 .debug_macro   0x00011769       0x10 newlib\_syscalls.o
 .debug_macro   0x00011779       0x35 newlib\_syscalls.o
 .debug_macro   0x000117ae      0x122 newlib\_syscalls.o
 .debug_macro   0x000118d0       0x88 newlib\_syscalls.o
 .debug_macro   0x00011958       0x2b newlib\_syscalls.o
 .debug_macro   0x00011983      0x118 newlib\_syscalls.o
 .debug_macro   0x00011a9b      0x159 newlib\_syscalls.o
 .debug_macro   0x00011bf4       0x16 newlib\_syscalls.o

.debug_line     0x00000000     0x76f6
 .debug_line    0x00000000      0x6f1 FreeRTOS\mem\heap_2.o
 .debug_line    0x000006f1      0x6db FreeRTOS\portable\port.o
 .debug_line    0x00000dcc      0x6b0 FreeRTOS\src\list.o
 .debug_line    0x0000147c      0xdda FreeRTOS\src\tasks.o
 .debug_line    0x00002256      0x528 STM32\cmsis\stm32f10x_it.o
 .debug_line    0x0000277e      0x521 STM32\cmsis\system_stm32f10x.o
 .debug_line    0x00002c9f      0x4cb STM32\lib\src\misc.o
 .debug_line    0x0000316a      0x64e STM32\lib\src\stm32f10x_gpio.o
 .debug_line    0x000037b8      0x74a STM32\lib\src\stm32f10x_rcc.o
 .debug_line    0x00003f02      0xdcf STM32\lib\src\stm32f10x_tim.o
 .debug_line    0x00004cd1      0x71c STM32\lib\src\stm32f10x_usart.o
 .debug_line    0x000053ed       0x82 STM32\start\startup_stm32f10x_hd.o
 .debug_line    0x0000546f      0x5b1 USER\src\LED.o
 .debug_line    0x00005a20      0x799 USER\src\main.o
 .debug_line    0x000061b9      0x60f USER\src\tim.o
 .debug_line    0x000067c8      0x741 USER\src\usart.o
 .debug_line    0x00006f09      0x2b5 newlib\_sbrk.o
 .debug_line    0x000071be      0x538 newlib\_syscalls.o

.debug_str      0x00000000    0x5b2e6
 .debug_str     0x00000000    0x52c6b FreeRTOS\mem\heap_2.o
                              0x52e97 (size before relaxing)
 .debug_str     0x00052c6b      0x669 FreeRTOS\portable\port.o
                              0x509bb (size before relaxing)
 .debug_str     0x000532d4      0x122 FreeRTOS\src\list.o
                              0x524bb (size before relaxing)
 .debug_str     0x000533f6     0x1765 FreeRTOS\src\tasks.o
                              0x543e4 (size before relaxing)
 .debug_str     0x00054b5b       0xc0 STM32\cmsis\stm32f10x_it.o
                              0x4cbb7 (size before relaxing)
 .debug_str     0x00054c1b      0x17a STM32\cmsis\system_stm32f10x.o
                              0x4ccc4 (size before relaxing)
 .debug_str     0x00054d95      0x22e STM32\lib\src\misc.o
                              0x4cd99 (size before relaxing)
 .debug_str     0x00054fc3      0x5ae STM32\lib\src\stm32f10x_gpio.o
                              0x4d111 (size before relaxing)
 .debug_str     0x00055571      0xae8 STM32\lib\src\stm32f10x_rcc.o
                              0x4d6f7 (size before relaxing)
 .debug_str     0x00056059      0xc0e STM32\lib\src\stm32f10x_tim.o
                              0x4d815 (size before relaxing)
 .debug_str     0x00056c67      0x7e9 STM32\lib\src\stm32f10x_usart.o
                              0x4d421 (size before relaxing)
 .debug_str     0x00057450     0x118c USER\src\LED.o
                              0x507d0 (size before relaxing)
 .debug_str     0x000585dc     0x1439 USER\src\main.o
                              0x55057 (size before relaxing)
 .debug_str     0x00059a15      0x451 USER\src\tim.o
                              0x50cde (size before relaxing)
 .debug_str     0x00059e66      0x109 USER\src\usart.o
                              0x5085e (size before relaxing)
 .debug_str     0x00059f6f      0x353 newlib\_sbrk.o
                               0x5d49 (size before relaxing)
 .debug_str     0x0005a2c2     0x1024 newlib\_syscalls.o
                               0x6def (size before relaxing)

.comment        0x00000000       0x6e
 .comment       0x00000000       0x6e FreeRTOS\mem\heap_2.o
                                 0x6f (size before relaxing)
 .comment       0x0000006e       0x6f FreeRTOS\portable\port.o
 .comment       0x0000006e       0x6f FreeRTOS\src\list.o
 .comment       0x0000006e       0x6f FreeRTOS\src\tasks.o
 .comment       0x0000006e       0x6f STM32\cmsis\stm32f10x_it.o
 .comment       0x0000006e       0x6f STM32\cmsis\system_stm32f10x.o
 .comment       0x0000006e       0x6f STM32\lib\src\misc.o
 .comment       0x0000006e       0x6f STM32\lib\src\stm32f10x_gpio.o
 .comment       0x0000006e       0x6f STM32\lib\src\stm32f10x_rcc.o
 .comment       0x0000006e       0x6f STM32\lib\src\stm32f10x_tim.o
 .comment       0x0000006e       0x6f STM32\lib\src\stm32f10x_usart.o
 .comment       0x0000006e       0x6f USER\src\LED.o
 .comment       0x0000006e       0x6f USER\src\main.o
 .comment       0x0000006e       0x6f USER\src\tim.o
 .comment       0x0000006e       0x6f USER\src\usart.o
 .comment       0x0000006e       0x6f newlib\_sbrk.o
 .comment       0x0000006e       0x6f newlib\_syscalls.o

.debug_frame    0x00000000     0x35c8
 .debug_frame   0x00000000       0xc0 FreeRTOS\mem\heap_2.o
 .debug_frame   0x000000c0      0x174 FreeRTOS\portable\port.o
 .debug_frame   0x00000234       0xd8 FreeRTOS\src\list.o
 .debug_frame   0x0000030c      0x690 FreeRTOS\src\tasks.o
 .debug_frame   0x0000099c      0x110 STM32\cmsis\stm32f10x_it.o
 .debug_frame   0x00000aac       0x98 STM32\cmsis\system_stm32f10x.o
 .debug_frame   0x00000b44       0xd8 STM32\lib\src\misc.o
 .debug_frame   0x00000c1c      0x2d0 STM32\lib\src\stm32f10x_gpio.o
 .debug_frame   0x00000eec      0x4f4 STM32\lib\src\stm32f10x_rcc.o
 .debug_frame   0x000013e0      0xe2c STM32\lib\src\stm32f10x_tim.o
 .debug_frame   0x0000220c      0x490 STM32\lib\src\stm32f10x_usart.o
 .debug_frame   0x0000269c       0x50 USER\src\LED.o
 .debug_frame   0x000026ec       0xbc USER\src\main.o
 .debug_frame   0x000027a8       0x90 USER\src\tim.o
 .debug_frame   0x00002838      0x1e8 USER\src\usart.o
 .debug_frame   0x00002a20       0x34 newlib\_sbrk.o
 .debug_frame   0x00002a54      0x340 newlib\_syscalls.o
 .debug_frame   0x00002d94       0x20 d:/program files (x86)/gnu tools arm embedded/5.2 2015q4/bin/../lib/gcc/arm-none-eabi/5.2.1/../../../../arm-none-eabi/lib/armv7-m\libg.a(lib_a-errno.o)
 .debug_frame   0x00002db4       0x2c d:/program files (x86)/gnu tools arm embedded/5.2 2015q4/bin/../lib/gcc/arm-none-eabi/5.2.1/../../../../arm-none-eabi/lib/armv7-m\libg.a(lib_a-init.o)
 .debug_frame   0x00002de0       0x34 d:/program files (x86)/gnu tools arm embedded/5.2 2015q4/bin/../lib/gcc/arm-none-eabi/5.2.1/../../../../arm-none-eabi/lib/armv7-m\libg.a(lib_a-memset.o)
 .debug_frame   0x00002e14       0x48 d:/program files (x86)/gnu tools arm embedded/5.2 2015q4/bin/../lib/gcc/arm-none-eabi/5.2.1/../../../../arm-none-eabi/lib/armv7-m\libg.a(lib_a-puts.o)
 .debug_frame   0x00002e5c       0x20 d:/program files (x86)/gnu tools arm embedded/5.2 2015q4/bin/../lib/gcc/arm-none-eabi/5.2.1/../../../../arm-none-eabi/lib/armv7-m\libg.a(lib_a-strlen-stub.o)
 .debug_frame   0x00002e7c       0x50 d:/program files (x86)/gnu tools arm embedded/5.2 2015q4/bin/../lib/gcc/arm-none-eabi/5.2.1/../../../../arm-none-eabi/lib/armv7-m\libg.a(lib_a-__call_atexit.o)
 .debug_frame   0x00002ecc       0x20 d:/program files (x86)/gnu tools arm embedded/5.2 2015q4/bin/../lib/gcc/arm-none-eabi/5.2.1/../../../../arm-none-eabi/lib/armv7-m\libg.a(lib_a-atexit.o)
 .debug_frame   0x00002eec      0x124 d:/program files (x86)/gnu tools arm embedded/5.2 2015q4/bin/../lib/gcc/arm-none-eabi/5.2.1/../../../../arm-none-eabi/lib/armv7-m\libg.a(lib_a-findfp.o)
 .debug_frame   0x00003010       0x34 d:/program files (x86)/gnu tools arm embedded/5.2 2015q4/bin/../lib/gcc/arm-none-eabi/5.2.1/../../../../arm-none-eabi/lib/armv7-m\libg.a(lib_a-fini.o)
 .debug_frame   0x00003044       0x68 d:/program files (x86)/gnu tools arm embedded/5.2 2015q4/bin/../lib/gcc/arm-none-eabi/5.2.1/../../../../arm-none-eabi/lib/armv7-m\libg.a(lib_a-fvwrite.o)
 .debug_frame   0x000030ac       0x54 d:/program files (x86)/gnu tools arm embedded/5.2 2015q4/bin/../lib/gcc/arm-none-eabi/5.2.1/../../../../arm-none-eabi/lib/armv7-m\libg.a(lib_a-fwalk.o)
 .debug_frame   0x00003100       0x54 d:/program files (x86)/gnu tools arm embedded/5.2 2015q4/bin/../lib/gcc/arm-none-eabi/5.2.1/../../../../arm-none-eabi/lib/armv7-m\libg.a(lib_a-mallocr.o)
 .debug_frame   0x00003154       0x34 d:/program files (x86)/gnu tools arm embedded/5.2 2015q4/bin/../lib/gcc/arm-none-eabi/5.2.1/../../../../arm-none-eabi/lib/armv7-m\libg.a(lib_a-memchr-stub.o)
 .debug_frame   0x00003188       0x30 d:/program files (x86)/gnu tools arm embedded/5.2 2015q4/bin/../lib/gcc/arm-none-eabi/5.2.1/../../../../arm-none-eabi/lib/armv7-m\libg.a(lib_a-memmove.o)
 .debug_frame   0x000031b8       0x30 d:/program files (x86)/gnu tools arm embedded/5.2 2015q4/bin/../lib/gcc/arm-none-eabi/5.2.1/../../../../arm-none-eabi/lib/armv7-m\libg.a(lib_a-mlock.o)
 .debug_frame   0x000031e8       0x58 d:/program files (x86)/gnu tools arm embedded/5.2 2015q4/bin/../lib/gcc/arm-none-eabi/5.2.1/../../../../arm-none-eabi/lib/armv7-m\libg.a(lib_a-reallocr.o)
 .debug_frame   0x00003240       0x2c d:/program files (x86)/gnu tools arm embedded/5.2 2015q4/bin/../lib/gcc/arm-none-eabi/5.2.1/../../../../arm-none-eabi/lib/armv7-m\libg.a(lib_a-sbrkr.o)
 .debug_frame   0x0000326c       0x88 d:/program files (x86)/gnu tools arm embedded/5.2 2015q4/bin/../lib/gcc/arm-none-eabi/5.2.1/../../../../arm-none-eabi/lib/armv7-m\libg.a(lib_a-stdio.o)
 .debug_frame   0x000032f4       0x2c d:/program files (x86)/gnu tools arm embedded/5.2 2015q4/bin/../lib/gcc/arm-none-eabi/5.2.1/../../../../arm-none-eabi/lib/armv7-m\libg.a(lib_a-writer.o)
 .debug_frame   0x00003320       0x2c d:/program files (x86)/gnu tools arm embedded/5.2 2015q4/bin/../lib/gcc/arm-none-eabi/5.2.1/../../../../arm-none-eabi/lib/armv7-m\libg.a(lib_a-wsetup.o)
 .debug_frame   0x0000334c       0x34 d:/program files (x86)/gnu tools arm embedded/5.2 2015q4/bin/../lib/gcc/arm-none-eabi/5.2.1/../../../../arm-none-eabi/lib/armv7-m\libg.a(lib_a-__atexit.o)
 .debug_frame   0x00003380       0x2c d:/program files (x86)/gnu tools arm embedded/5.2 2015q4/bin/../lib/gcc/arm-none-eabi/5.2.1/../../../../arm-none-eabi/lib/armv7-m\libg.a(lib_a-closer.o)
 .debug_frame   0x000033ac       0x44 d:/program files (x86)/gnu tools arm embedded/5.2 2015q4/bin/../lib/gcc/arm-none-eabi/5.2.1/../../../../arm-none-eabi/lib/armv7-m\libg.a(lib_a-fclose.o)
 .debug_frame   0x000033f0       0x6c d:/program files (x86)/gnu tools arm embedded/5.2 2015q4/bin/../lib/gcc/arm-none-eabi/5.2.1/../../../../arm-none-eabi/lib/armv7-m\libg.a(lib_a-fflush.o)
 .debug_frame   0x0000345c       0x74 d:/program files (x86)/gnu tools arm embedded/5.2 2015q4/bin/../lib/gcc/arm-none-eabi/5.2.1/../../../../arm-none-eabi/lib/armv7-m\libg.a(lib_a-freer.o)
 .debug_frame   0x000034d0       0x2c d:/program files (x86)/gnu tools arm embedded/5.2 2015q4/bin/../lib/gcc/arm-none-eabi/5.2.1/../../../../arm-none-eabi/lib/armv7-m\libg.a(lib_a-lseekr.o)
 .debug_frame   0x000034fc       0x48 d:/program files (x86)/gnu tools arm embedded/5.2 2015q4/bin/../lib/gcc/arm-none-eabi/5.2.1/../../../../arm-none-eabi/lib/armv7-m\libg.a(lib_a-makebuf.o)
 .debug_frame   0x00003544       0x2c d:/program files (x86)/gnu tools arm embedded/5.2 2015q4/bin/../lib/gcc/arm-none-eabi/5.2.1/../../../../arm-none-eabi/lib/armv7-m\libg.a(lib_a-readr.o)
 .debug_frame   0x00003570       0x2c d:/program files (x86)/gnu tools arm embedded/5.2 2015q4/bin/../lib/gcc/arm-none-eabi/5.2.1/../../../../arm-none-eabi/lib/armv7-m\libg.a(lib_a-fstatr.o)
 .debug_frame   0x0000359c       0x2c d:/program files (x86)/gnu tools arm embedded/5.2 2015q4/bin/../lib/gcc/arm-none-eabi/5.2.1/../../../../arm-none-eabi/lib/armv7-m\libg.a(lib_a-isattyr.o)
